[2J[3J[H2:10:46 PM - Starting compilation in watch mode...


2:10:46 PM - Found 0 errors. Watching for file changes.
